// Jest Snapshot v1, https://goo.gl/fbAQLP

exports[`RecipeCard should match the snapshot with all the data passed in 1`] = `ShallowWrapper {}`;

exports[`RecipeCard should split the tags and return with octothorps 1`] = `ShallowWrapper {}`;
