// Jest Snapshot v1, https://goo.gl/fbAQLP

exports[`Footer should match the snapshot with all the data passed in 1`] = `ShallowWrapper {}`;
