// Jest Snapshot v1, https://goo.gl/fbAQLP

exports[`Home should match the snapshot with all the data passed in 1`] = `ShallowWrapper {}`;

exports[`Home should match the snapshot with all the data passed in 2`] = `ShallowWrapper {}`;
