// Jest Snapshot v1, https://goo.gl/fbAQLP

exports[`Recipes should match the snapshot with all the data paseed in 1`] = `ShallowWrapper {}`;
